C51 COMPILER V9.03   CAPSENSE_IDACCH0                                                      04/04/2015 14:09:11 PAGE 1   


C51 COMPILER V9.03, COMPILATION OF MODULE CAPSENSE_IDACCH0
OBJECT MODULE PLACED IN .\DP8051_Keil_903\Debug\CapSense_IdacCH0.obj
COMPILER INVOKED BY: C:\Program Files\Cypress\PSoC Creator\2.1\PSoC Creator\import\keil\pk51\9.03\C51\BIN\c51.exe .\Gene
                    -rated_Source\PSoC3\CapSense_IdacCH0.c NOIV LARGE MODDP2 OMF2 VB(1) PR(.\DP8051_Keil_903\Debug\CapSense_IdacCH0.lst) CD D
                    -B NOIP OT(0) INCDIR(Generated_Source\PSoC3) OJ(.\DP8051_Keil_903\Debug\CapSense_IdacCH0.obj)

line level    source

   1          /*******************************************************************************
   2          * File Name: CapSense_IdacCH0.c
   3          * Version 1.90
   4          *
   5          * Description:
   6          *  This file provides the source code to the API for the 8-bit Current 
   7          *  DAC (IDAC8) User Module.
   8          *
   9          * Note:
  10          *  None
  11          *
  12          ********************************************************************************
  13          * Copyright 2008-2012, Cypress Semiconductor Corporation.  All rights reserved.
  14          * You may use this file only in accordance with the license, terms, conditions, 
  15          * disclaimers, and limitations in the end user license agreement accompanying 
  16          * the software package with which this file was provided.
  17          *******************************************************************************/
  18          
  19          #include "cytypes.h"
  20          #include "CapSense_IdacCH0.h"   
  21          
  22          #if (CY_PSOC5A)
                  #include <CyLib.h>
              #endif /* CY_PSOC5A */
  25          
  26          
  27          uint8 CapSense_IdacCH0_initVar = 0u;
  28          
  29          
  30          #if (CY_PSOC5A)
                  static CapSense_IdacCH0_LOWPOWER_BACKUP_STRUCT  CapSense_IdacCH0_lowPowerBackup;
              #endif /* CY_PSOC5A */
  33          
  34          /* Variable to decide whether or not to restore control register in Enable()
  35             API. This valid only for PSoC5A */
  36          #if (CY_PSOC5A)
                  uint8 CapSense_IdacCH0_restoreReg = 0u;
                  uint8 CapSense_IdacCH0_intrStatus = 0u;
              #endif /* CY_PSOC5A */
  40          
  41          
  42          /*******************************************************************************
  43          * Function Name: CapSense_IdacCH0_Init
  44          ********************************************************************************
  45          * Summary:
  46          *  Initialize to the schematic state.
  47          * 
  48          * Parameters:
  49          *  void:
  50          *
  51          * Return:
  52          *  (void)
  53          *
C51 COMPILER V9.03   CAPSENSE_IDACCH0                                                      04/04/2015 14:09:11 PAGE 2   

  54          * Theory:
  55          *
  56          * Side Effects:
  57          *
  58          *******************************************************************************/
  59          void CapSense_IdacCH0_Init(void) 
  60          {
  61   1          CapSense_IdacCH0_CR0 = (CapSense_IdacCH0_MODE_I | CapSense_IdacCH0_DEFAULT_RANGE );
  62   1      
  63   1          /* Set default data source */
  64   1          if(CapSense_IdacCH0_DEFAULT_DATA_SRC != 0u )    
  65   1          {
  66   2              CapSense_IdacCH0_CR1 = (CapSense_IdacCH0_DEFAULT_CNTL | CapSense_IdacCH0_DACBUS_ENABLE);
  67   2          }
  68   1          else
  69   1          {
  70   2              CapSense_IdacCH0_CR1 = (CapSense_IdacCH0_DEFAULT_CNTL | CapSense_IdacCH0_DACBUS_DISABLE);
  71   2          }
  72   1          
  73   1          /*Controls polarity from UDB Control*/
  74   1          if(CapSense_IdacCH0_DEFAULT_POLARITY == CapSense_IdacCH0_HARDWARE_CONTROLLED)
  75   1          {
  76   2              CapSense_IdacCH0_CR1 |= CapSense_IdacCH0_IDIR_SRC_UDB;
  77   2          }
  78   1          else
  79   1          {
  80   2              CapSense_IdacCH0_CR1 |= CapSense_IdacCH0_DEFAULT_POLARITY;
  81   2          }
  82   1          /*Controls Current Source from UDB Control*/
  83   1          if(CapSense_IdacCH0_HARDWARE_ENABLE != 0u ) 
  84   1          {
  85   2              CapSense_IdacCH0_CR1 |= CapSense_IdacCH0_IDIR_CTL_UDB;
  86   2          }
  87   1          
  88   1          /* Set default strobe mode */
  89   1          if(CapSense_IdacCH0_DEFAULT_STRB != 0u)
  90   1          {
  91   2              CapSense_IdacCH0_Strobe |= CapSense_IdacCH0_STRB_EN;
  92   2          }
  93   1          
  94   1          /* Set default speed */
  95   1          CapSense_IdacCH0_SetSpeed(CapSense_IdacCH0_DEFAULT_SPEED);
  96   1          
  97   1          /* Set proper DAC trim */
  98   1          CapSense_IdacCH0_DacTrim();
  99   1          
 100   1      }
 101          
 102          
 103          /*******************************************************************************
 104          * Function Name: CapSense_IdacCH0_Enable
 105          ********************************************************************************
 106          * Summary:
 107          *  Enable the IDAC8
 108          * 
 109          * Parameters:
 110          *  void:
 111          *
 112          * Return:
 113          *  (void)
 114          *
 115          * Theory:
C51 COMPILER V9.03   CAPSENSE_IDACCH0                                                      04/04/2015 14:09:11 PAGE 3   

 116          *
 117          * Side Effects:
 118          *
 119          *******************************************************************************/
 120          void CapSense_IdacCH0_Enable(void) 
 121          {
 122   1          CapSense_IdacCH0_PWRMGR |= CapSense_IdacCH0_ACT_PWR_EN;
 123   1          CapSense_IdacCH0_STBY_PWRMGR |= CapSense_IdacCH0_STBY_PWR_EN;
 124   1      
 125   1          /* This is to restore the value of register CR0 which is saved 
 126   1            in prior to the modification in stop() API */
 127   1          #if (CY_PSOC5A)
                      if(CapSense_IdacCH0_restoreReg == 1u)
                      {
                          CapSense_IdacCH0_CR0 = CapSense_IdacCH0_lowPowerBackup.DACCR0Reg;
              
                          /* Clear the flag */
                          CapSense_IdacCH0_restoreReg = 0u;
                      }
                  #endif /* CY_PSOC5A */
 136   1      }
 137          
 138          
 139          /*******************************************************************************
 140          * Function Name: CapSense_IdacCH0_Start
 141          ********************************************************************************
 142          * Summary:
 143          *  Set power level then turn on IDAC8.
 144          *
 145          * Parameters:  
 146          *  power: Sets power level between off (0) and (3) high power
 147          *
 148          * Return:
 149          *  (void)
 150          *
 151          * Global variables:
 152          *  CapSense_IdacCH0_initVar: Is modified when this function is called for 
 153          *   the first time. Is used to ensure that initialization happens only once.
 154          *
 155          *******************************************************************************/
 156          void CapSense_IdacCH0_Start(void) 
 157          {
 158   1          /* Hardware initiazation only needs to occur the first time */
 159   1          if ( CapSense_IdacCH0_initVar == 0u)  
 160   1          {
 161   2              CapSense_IdacCH0_Init();
 162   2              
 163   2              CapSense_IdacCH0_initVar = 1;
 164   2          }
 165   1         
 166   1          /* Enable power to DAC */
 167   1          CapSense_IdacCH0_Enable();
 168   1      
 169   1          /* Set default value */
 170   1          CapSense_IdacCH0_SetValue(CapSense_IdacCH0_DEFAULT_DATA);
 171   1      
 172   1      }
 173          
 174          
 175          /*******************************************************************************
 176          * Function Name: CapSense_IdacCH0_Stop
 177          ********************************************************************************
C51 COMPILER V9.03   CAPSENSE_IDACCH0                                                      04/04/2015 14:09:11 PAGE 4   

 178          * Summary:
 179          *  Powers down IDAC8 to lowest power state.
 180          *
 181          * Parameters:
 182          *  (void)
 183          *
 184          * Return:
 185          *  (void)
 186          *
 187          * Theory:
 188          *
 189          * Side Effects:
 190          *
 191          *******************************************************************************/
 192          void CapSense_IdacCH0_Stop(void) 
 193          {
 194   1          /* Disble power to DAC */
 195   1          CapSense_IdacCH0_PWRMGR &= ~CapSense_IdacCH0_ACT_PWR_EN;
 196   1          CapSense_IdacCH0_STBY_PWRMGR &= ~CapSense_IdacCH0_STBY_PWR_EN;
 197   1          
 198   1          #if (CY_PSOC5A)
                  
                      /* Set the global variable  */
                      CapSense_IdacCH0_restoreReg = 1u;
              
                      /* Save the control register and then Clear it. */
                      CapSense_IdacCH0_lowPowerBackup.DACCR0Reg = CapSense_IdacCH0_CR0;
                      CapSense_IdacCH0_CR0 = (CapSense_IdacCH0_MODE_I | CapSense_IdacCH0_RANGE_3 | CapSense_IdacCH0_HS_H
             -IGHSPEED);
                  #endif /* CY_PSOC5A */
 207   1      }
 208          
 209          
 210          /*******************************************************************************
 211          * Function Name: CapSense_IdacCH0_SetSpeed
 212          ********************************************************************************
 213          * Summary:
 214          *  Set DAC speed
 215          *
 216          * Parameters:
 217          *  power: Sets speed value
 218          *
 219          * Return:
 220          *  (void)
 221          *
 222          * Theory:
 223          *
 224          * Side Effects:
 225          *
 226          *******************************************************************************/
 227          void CapSense_IdacCH0_SetSpeed(uint8 speed) 
 228          {
 229   1          /* Clear power mask then write in new value */
 230   1          CapSense_IdacCH0_CR0 &= ~CapSense_IdacCH0_HS_MASK;
 231   1          CapSense_IdacCH0_CR0 |=  ( speed & CapSense_IdacCH0_HS_MASK);
 232   1      }
 233          
 234          
 235          /*******************************************************************************
 236          * Function Name: CapSense_IdacCH0_SetPolarity
 237          ********************************************************************************
 238          * Summary:
C51 COMPILER V9.03   CAPSENSE_IDACCH0                                                      04/04/2015 14:09:11 PAGE 5   

 239          *  Sets IDAC to Sink or Source current.
 240          *  
 241          * Parameters:
 242          *  Polarity: Sets the IDAC to Sink or Source 
 243          *  0x00 - Source
 244          *  0x04 - Sink
 245          *
 246          * Return:
 247          *  (void)
 248          *
 249          * Theory:
 250          *
 251          * Side Effects:
 252          *
 253          *******************************************************************************/
 254          #if(CapSense_IdacCH0_DEFAULT_POLARITY != CapSense_IdacCH0_HARDWARE_CONTROLLED)
 255              void CapSense_IdacCH0_SetPolarity(uint8 polarity) 
 256              {
 257   1              CapSense_IdacCH0_CR1 &= ~CapSense_IdacCH0_IDIR_MASK;                /* clear polarity bit */
 258   1              CapSense_IdacCH0_CR1 |= (polarity & CapSense_IdacCH0_IDIR_MASK);    /* set new value */
 259   1          
 260   1              CapSense_IdacCH0_DacTrim();
 261   1          }
 262          #endif/*(CapSense_IdacCH0_DEFAULT_POLARITY != CapSense_IdacCH0_HARDWARE_CONTROLLED)*/
 263          
 264          
 265          /*******************************************************************************
 266          * Function Name: CapSense_IdacCH0_SetRange
 267          ********************************************************************************
 268          * Summary:
 269          *  Set current range
 270          *
 271          * Parameters:
 272          *  Range: Sets on of four valid ranges.
 273          *
 274          * Return:
 275          *  (void)
 276          *
 277          * Theory:
 278          *
 279          * Side Effects:
 280          *
 281          *******************************************************************************/
 282          void CapSense_IdacCH0_SetRange(uint8 range) 
 283          {
 284   1          CapSense_IdacCH0_CR0 &= ~CapSense_IdacCH0_RANGE_MASK ;       /* Clear existing mode */
 285   1          CapSense_IdacCH0_CR0 |= ( range & CapSense_IdacCH0_RANGE_MASK );  /*  Set Range  */
 286   1          CapSense_IdacCH0_DacTrim();
 287   1      }
 288          
 289          
 290          /*******************************************************************************
 291          * Function Name: CapSense_IdacCH0_SetValue
 292          ********************************************************************************
 293          * Summary:
 294          *  Set DAC value
 295          *
 296          * Parameters:
 297          *  value: Sets DAC value between 0 and 255.
 298          *
 299          * Return:
 300          *  (void)
C51 COMPILER V9.03   CAPSENSE_IDACCH0                                                      04/04/2015 14:09:11 PAGE 6   

 301          *
 302          * Theory:
 303          *
 304          * Side Effects:
 305          *
 306          *******************************************************************************/
 307          void CapSense_IdacCH0_SetValue(uint8 value) CYREENTRANT
 308          {
 309   1      
 310   1          #if (CY_PSOC5A)
                      CapSense_IdacCH0_intrStatus = CyEnterCriticalSection();
                  #endif /* CY_PSOC5A */
 313   1      
 314   1          CapSense_IdacCH0_Data = value;         /*  Set Value  */
 315   1          
 316   1          /* PSOC5A silicons require a double write */
 317   1          #if (CY_PSOC5A)
                      CapSense_IdacCH0_Data = value;
                      CyExitCriticalSection(CapSense_IdacCH0_intrStatus);
                  #endif /* CY_PSOC5A */
 321   1      }
 322          
 323          
 324          /*******************************************************************************
 325          * Function Name: CapSense_IdacCH0_DacTrim
 326          ********************************************************************************
 327          * Summary:
 328          *  Set the trim value for the given range.
 329          *
 330          * Parameters:
 331          *  None
 332          *
 333          * Return:
 334          *  (void) 
 335          *
 336          * Theory:
 337          *  Trim values for the IDAC blocks are stored in the "Customer Table" area in 
 338          *  Row 1 of the Hidden Flash.  There are 8 bytes of trim data for each 
 339          *  IDAC block.
 340          *  The values are:
 341          *       I Gain offset, min range, Sourcing
 342          *       I Gain offset, min range, Sinking
 343          *       I Gain offset, med range, Sourcing
 344          *       I Gain offset, med range, Sinking
 345          *       I Gain offset, max range, Sourcing
 346          *       I Gain offset, max range, Sinking
 347          *       V Gain offset, 1V range
 348          *       V Gain offset, 4V range
 349          *
 350          * Side Effects:
 351          *
 352          *******************************************************************************/
 353          void CapSense_IdacCH0_DacTrim(void) 
 354          {
 355   1          uint8 mode;
 356   1      
 357   1          mode = ((CapSense_IdacCH0_CR0 & CapSense_IdacCH0_RANGE_MASK) >> 1);
 358   1          
 359   1          if((CapSense_IdacCH0_IDIR_MASK & CapSense_IdacCH0_CR1) == CapSense_IdacCH0_IDIR_SINK)
 360   1          {
 361   2              mode++;
 362   2          }
C51 COMPILER V9.03   CAPSENSE_IDACCH0                                                      04/04/2015 14:09:11 PAGE 7   

 363   1      
 364   1          CapSense_IdacCH0_TR = CY_GET_XTND_REG8((uint8 *)(CapSense_IdacCH0_DAC_TRIM_BASE + mode));
 365   1      }
 366          
 367          
 368          /* [] END OF FILE */
C51 COMPILER V9.03   CAPSENSE_IDACCH0                                                      04/04/2015 14:09:11 PAGE 8   

ASSEMBLY LISTING OF GENERATED OBJECT CODE


             ; FUNCTION CapSense_IdacCH0_Init (BEGIN)
                                           ; SOURCE LINE # 59
                                           ; SOURCE LINE # 60
                                           ; SOURCE LINE # 61
0000 905828            MOV     DPTR,#05828H
0003 7414              MOV     A,#014H
0005 F0                MOVX    @DPTR,A
                                           ; SOURCE LINE # 64
0006 8008              SJMP    ?C0001
                                           ; SOURCE LINE # 65
                                           ; SOURCE LINE # 66
0008 905829            MOV     DPTR,#05829H
000B 7420              MOV     A,#020H
000D F0                MOVX    @DPTR,A
                                           ; SOURCE LINE # 67
000E 8014              SJMP    ?C0003
0010         ?C0001:
                                           ; SOURCE LINE # 69
                                           ; SOURCE LINE # 70
0010 905829            MOV     DPTR,#05829H
0013 E4                CLR     A
0014 F0                MOVX    @DPTR,A
                                           ; SOURCE LINE # 71
0015         ?C0002:
                                           ; SOURCE LINE # 74
0015 800D              SJMP    ?C0003
                                           ; SOURCE LINE # 75
                                           ; SOURCE LINE # 76
0017 905829            MOV     DPTR,#05829H
001A E0                MOVX    A,@DPTR
001B FF                MOV     R7,A
001C EF                MOV     A,R7
001D 4408              ORL     A,#08H
001F FF                MOV     R7,A
0020 EF                MOV     A,R7
0021 F0                MOVX    @DPTR,A
                                           ; SOURCE LINE # 77
0022 800B              SJMP    ?C0004
0024         ?C0003:
                                           ; SOURCE LINE # 79
                                           ; SOURCE LINE # 80
0024 905829            MOV     DPTR,#05829H
0027 E0                MOVX    A,@DPTR
0028 FF                MOV     R7,A
0029 EF                MOV     A,R7
002A 4404              ORL     A,#04H
002C FF                MOV     R7,A
002D EF                MOV     A,R7
002E F0                MOVX    @DPTR,A
                                           ; SOURCE LINE # 81
002F         ?C0004:
                                           ; SOURCE LINE # 83
                                           ; SOURCE LINE # 84
                                           ; SOURCE LINE # 85
002F 905829            MOV     DPTR,#05829H
0032 E0                MOVX    A,@DPTR
0033 FF                MOV     R7,A
0034 EF                MOV     A,R7
0035 4402              ORL     A,#02H
C51 COMPILER V9.03   CAPSENSE_IDACCH0                                                      04/04/2015 14:09:11 PAGE 9   

0037 FF                MOV     R7,A
0038 EF                MOV     A,R7
0039 F0                MOVX    @DPTR,A
                                           ; SOURCE LINE # 86
003A         ?C0005:
                                           ; SOURCE LINE # 89
003A 800B              SJMP    ?C0006
                                           ; SOURCE LINE # 90
                                           ; SOURCE LINE # 91
003C 905A97            MOV     DPTR,#05A97H
003F E0                MOVX    A,@DPTR
0040 FF                MOV     R7,A
0041 EF                MOV     A,R7
0042 4408              ORL     A,#08H
0044 FF                MOV     R7,A
0045 EF                MOV     A,R7
0046 F0                MOVX    @DPTR,A
                                           ; SOURCE LINE # 92
0047         ?C0006:
                                           ; SOURCE LINE # 95
0047 7F00              MOV     R7,#00H
0049 7E00              MOV     R6,#00H
004B 120000      R     LCALL   _CapSense_IdacCH0_SetSpeed
                                           ; SOURCE LINE # 98
004E 120000      R     LCALL   CapSense_IdacCH0_DacTrim
                                           ; SOURCE LINE # 100
0051         ?C0007:
0051 22                RET     
             ; FUNCTION CapSense_IdacCH0_Init (END)

             ; FUNCTION CapSense_IdacCH0_Enable (BEGIN)
                                           ; SOURCE LINE # 120
                                           ; SOURCE LINE # 121
                                           ; SOURCE LINE # 122
0000 9043A8            MOV     DPTR,#043A8H
0003 E0                MOVX    A,@DPTR
0004 FF                MOV     R7,A
0005 EF                MOV     A,R7
0006 4404              ORL     A,#04H
0008 FF                MOV     R7,A
0009 EF                MOV     A,R7
000A F0                MOVX    @DPTR,A
                                           ; SOURCE LINE # 123
000B 9043B8            MOV     DPTR,#043B8H
000E E0                MOVX    A,@DPTR
000F FF                MOV     R7,A
0010 EF                MOV     A,R7
0011 4404              ORL     A,#04H
0013 FF                MOV     R7,A
0014 EF                MOV     A,R7
0015 F0                MOVX    @DPTR,A
                                           ; SOURCE LINE # 136
0016         ?C0008:
0016 22                RET     
             ; FUNCTION CapSense_IdacCH0_Enable (END)

             ; FUNCTION CapSense_IdacCH0_Start (BEGIN)
                                           ; SOURCE LINE # 156
                                           ; SOURCE LINE # 157
                                           ; SOURCE LINE # 159
0000 900000      R     MOV     DPTR,#CapSense_IdacCH0_initVar
0003 E0                MOVX    A,@DPTR
C51 COMPILER V9.03   CAPSENSE_IDACCH0                                                      04/04/2015 14:09:11 PAGE 10  

0004 FF                MOV     R7,A
0005 EF                MOV     A,R7
0006 7009              JNZ     ?C0009
                                           ; SOURCE LINE # 160
                                           ; SOURCE LINE # 161
0008 120000      R     LCALL   CapSense_IdacCH0_Init
                                           ; SOURCE LINE # 163
000B 900000      R     MOV     DPTR,#CapSense_IdacCH0_initVar
000E 7401              MOV     A,#01H
0010 F0                MOVX    @DPTR,A
                                           ; SOURCE LINE # 164
0011         ?C0009:
                                           ; SOURCE LINE # 167
0011 120000      R     LCALL   CapSense_IdacCH0_Enable
                                           ; SOURCE LINE # 170
0014 7F00              MOV     R7,#00H
0016 120000      R     LCALL   _?CapSense_IdacCH0_SetValue
                                           ; SOURCE LINE # 172
0019         ?C0010:
0019 22                RET     
             ; FUNCTION CapSense_IdacCH0_Start (END)

             ; FUNCTION CapSense_IdacCH0_Stop (BEGIN)
                                           ; SOURCE LINE # 192
                                           ; SOURCE LINE # 193
                                           ; SOURCE LINE # 195
0000 9043A8            MOV     DPTR,#043A8H
0003 E0                MOVX    A,@DPTR
0004 FF                MOV     R7,A
0005 EF                MOV     A,R7
0006 54FB              ANL     A,#0FBH
0008 FF                MOV     R7,A
0009 EF                MOV     A,R7
000A F0                MOVX    @DPTR,A
                                           ; SOURCE LINE # 196
000B 9043B8            MOV     DPTR,#043B8H
000E E0                MOVX    A,@DPTR
000F FF                MOV     R7,A
0010 EF                MOV     A,R7
0011 54FB              ANL     A,#0FBH
0013 FF                MOV     R7,A
0014 EF                MOV     A,R7
0015 F0                MOVX    @DPTR,A
                                           ; SOURCE LINE # 207
0016         ?C0011:
0016 22                RET     
             ; FUNCTION CapSense_IdacCH0_Stop (END)

             ; FUNCTION _CapSense_IdacCH0_SetSpeed (BEGIN)
                                           ; SOURCE LINE # 227
0000 900000      R     MOV     DPTR,#speed
0003 EF                MOV     A,R7
0004 F0                MOVX    @DPTR,A
                                           ; SOURCE LINE # 228
                                           ; SOURCE LINE # 230
0005 905828            MOV     DPTR,#05828H
0008 E0                MOVX    A,@DPTR
0009 FF                MOV     R7,A
000A EF                MOV     A,R7
000B 54FD              ANL     A,#0FDH
000D FF                MOV     R7,A
000E EF                MOV     A,R7
C51 COMPILER V9.03   CAPSENSE_IDACCH0                                                      04/04/2015 14:09:11 PAGE 11  

000F F0                MOVX    @DPTR,A
                                           ; SOURCE LINE # 231
0010 905828            MOV     DPTR,#05828H
0013 C083              PUSH    DPH
0015 C082              PUSH    DPL
0017 E0                MOVX    A,@DPTR
0018 FF                MOV     R7,A
0019 900000      R     MOV     DPTR,#speed
001C E0                MOVX    A,@DPTR
001D FE                MOV     R6,A
001E EE                MOV     A,R6
001F 5402              ANL     A,#02H
0021 FE                MOV     R6,A
0022 EF                MOV     A,R7
0023 4E                ORL     A,R6
0024 FF                MOV     R7,A
0025 D082              POP     DPL
0027 D083              POP     DPH
0029 EF                MOV     A,R7
002A F0                MOVX    @DPTR,A
                                           ; SOURCE LINE # 232
002B         ?C0012:
002B 22                RET     
             ; FUNCTION _CapSense_IdacCH0_SetSpeed (END)

             ; FUNCTION _CapSense_IdacCH0_SetPolarity (BEGIN)
                                           ; SOURCE LINE # 255
0000 900000      R     MOV     DPTR,#polarity
0003 EF                MOV     A,R7
0004 F0                MOVX    @DPTR,A
                                           ; SOURCE LINE # 256
                                           ; SOURCE LINE # 257
0005 905829            MOV     DPTR,#05829H
0008 E0                MOVX    A,@DPTR
0009 FF                MOV     R7,A
000A EF                MOV     A,R7
000B 54FB              ANL     A,#0FBH
000D FF                MOV     R7,A
000E EF                MOV     A,R7
000F F0                MOVX    @DPTR,A
                                           ; SOURCE LINE # 258
0010 905829            MOV     DPTR,#05829H
0013 C083              PUSH    DPH
0015 C082              PUSH    DPL
0017 E0                MOVX    A,@DPTR
0018 FF                MOV     R7,A
0019 900000      R     MOV     DPTR,#polarity
001C E0                MOVX    A,@DPTR
001D FE                MOV     R6,A
001E EE                MOV     A,R6
001F 5404              ANL     A,#04H
0021 FE                MOV     R6,A
0022 EF                MOV     A,R7
0023 4E                ORL     A,R6
0024 FF                MOV     R7,A
0025 D082              POP     DPL
0027 D083              POP     DPH
0029 EF                MOV     A,R7
002A F0                MOVX    @DPTR,A
                                           ; SOURCE LINE # 260
002B 120000      R     LCALL   CapSense_IdacCH0_DacTrim
                                           ; SOURCE LINE # 261
C51 COMPILER V9.03   CAPSENSE_IDACCH0                                                      04/04/2015 14:09:11 PAGE 12  

002E         ?C0013:
002E 22                RET     
             ; FUNCTION _CapSense_IdacCH0_SetPolarity (END)

             ; FUNCTION _CapSense_IdacCH0_SetRange (BEGIN)
                                           ; SOURCE LINE # 282
0000 900000      R     MOV     DPTR,#range
0003 EF                MOV     A,R7
0004 F0                MOVX    @DPTR,A
                                           ; SOURCE LINE # 283
                                           ; SOURCE LINE # 284
0005 905828            MOV     DPTR,#05828H
0008 E0                MOVX    A,@DPTR
0009 FF                MOV     R7,A
000A EF                MOV     A,R7
000B 54F3              ANL     A,#0F3H
000D FF                MOV     R7,A
000E EF                MOV     A,R7
000F F0                MOVX    @DPTR,A
                                           ; SOURCE LINE # 285
0010 905828            MOV     DPTR,#05828H
0013 C083              PUSH    DPH
0015 C082              PUSH    DPL
0017 E0                MOVX    A,@DPTR
0018 FF                MOV     R7,A
0019 900000      R     MOV     DPTR,#range
001C E0                MOVX    A,@DPTR
001D FE                MOV     R6,A
001E EE                MOV     A,R6
001F 540C              ANL     A,#0CH
0021 FE                MOV     R6,A
0022 EF                MOV     A,R7
0023 4E                ORL     A,R6
0024 FF                MOV     R7,A
0025 D082              POP     DPL
0027 D083              POP     DPH
0029 EF                MOV     A,R7
002A F0                MOVX    @DPTR,A
                                           ; SOURCE LINE # 286
002B 120000      R     LCALL   CapSense_IdacCH0_DacTrim
                                           ; SOURCE LINE # 287
002E         ?C0014:
002E 22                RET     
             ; FUNCTION _CapSense_IdacCH0_SetRange (END)

             ; FUNCTION _?CapSense_IdacCH0_SetValue (BEGIN)
                                           ; SOURCE LINE # 307
0000 90FFFF            MOV     DPTR,#0FFFFH
0003 120000      E     LCALL   ?C?ADDXBP
0006 EF                MOV     A,R7
0007 F0                MOVX    @DPTR,A
                                           ; SOURCE LINE # 314
0008 850083      E     MOV     DPH,?C_XBP
000B 850082      E     MOV     DPL,?C_XBP+01H
000E E0                MOVX    A,@DPTR
000F FF                MOV     R7,A
0010 905B82            MOV     DPTR,#05B82H
0013 EF                MOV     A,R7
0014 F0                MOVX    @DPTR,A
                                           ; SOURCE LINE # 321
0015         ?C0015:
0015 900001            MOV     DPTR,#01H
C51 COMPILER V9.03   CAPSENSE_IDACCH0                                                      04/04/2015 14:09:11 PAGE 13  

0018 120000      E     LCALL   ?C?ADDXBP
001B 22                RET     
             ; FUNCTION _?CapSense_IdacCH0_SetValue (END)

             ; FUNCTION CapSense_IdacCH0_DacTrim (BEGIN)
                                           ; SOURCE LINE # 353
                                           ; SOURCE LINE # 354
                                           ; SOURCE LINE # 357
0000 905828            MOV     DPTR,#05828H
0003 E0                MOVX    A,@DPTR
0004 FF                MOV     R7,A
0005 EF                MOV     A,R7
0006 540C              ANL     A,#0CH
0008 FF                MOV     R7,A
0009 7E00              MOV     R6,#00H
000B EE                MOV     A,R6
000C C3                CLR     C
000D 13                RRC     A
000E FE                MOV     R6,A
000F EF                MOV     A,R7
0010 13                RRC     A
0011 FF                MOV     R7,A
0012 900000      R     MOV     DPTR,#mode
0015 EF                MOV     A,R7
0016 F0                MOVX    @DPTR,A
                                           ; SOURCE LINE # 359
0017 905829            MOV     DPTR,#05829H
001A E0                MOVX    A,@DPTR
001B FF                MOV     R7,A
001C EF                MOV     A,R7
001D 5404              ANL     A,#04H
001F FF                MOV     R7,A
0020 7E00              MOV     R6,#00H
0022 EF                MOV     A,R7
0023 6404              XRL     A,#04H
0025 4E                ORL     A,R6
0026 7006              JNZ     ?C0016
                                           ; SOURCE LINE # 360
                                           ; SOURCE LINE # 361
0028 900000      R     MOV     DPTR,#mode
002B E0                MOVX    A,@DPTR
002C 04                INC     A
002D F0                MOVX    @DPTR,A
                                           ; SOURCE LINE # 362
002E         ?C0016:
                                           ; SOURCE LINE # 364
002E 900000      R     MOV     DPTR,#mode
0031 E0                MOVX    A,@DPTR
0032 FF                MOV     R7,A
0033 E4                CLR     A
0034 FC                MOV     R4,A
0035 FD                MOV     R5,A
0036 FE                MOV     R6,A
0037 EF                MOV     A,R7
0038 2428              ADD     A,#028H
003A FF                MOV     R7,A
003B EE                MOV     A,R6
003C 3401              ADDC    A,#01H
003E FE                MOV     R6,A
003F ED                MOV     A,R5
0040 340C              ADDC    A,#0CH
0042 FD                MOV     R5,A
C51 COMPILER V9.03   CAPSENSE_IDACCH0                                                      04/04/2015 14:09:11 PAGE 14  

0043 EC                MOV     A,R4
0044 3400              ADDC    A,#00H
0046 FC                MOV     R4,A
0047 A907              MOV     R1,AR7
0049 AA06              MOV     R2,AR6
004B AB05              MOV     R3,AR5
004D 120000      E     LCALL   _cyread8
0050 90460A            MOV     DPTR,#0460AH
0053 EF                MOV     A,R7
0054 F0                MOVX    @DPTR,A
                                           ; SOURCE LINE # 365
0055         ?C0017:
0055 22                RET     
             ; FUNCTION CapSense_IdacCH0_DacTrim (END)



MODULE INFORMATION:   STATIC OVERLAYABLE
   CODE SIZE        =    406    ----
   CONSTANT SIZE    =   ----    ----
   XDATA SIZE       =      5    ----
   PDATA SIZE       =   ----    ----
   DATA SIZE        =   ----    ----
   IDATA SIZE       =   ----    ----
   BIT SIZE         =   ----    ----
   EDATA SIZE       =   ----    ----
   HDATA SIZE       =   ----    ----
   XDATA CONST SIZE =   ----    ----
   FAR CONST SIZE   =   ----    ----
END OF MODULE INFORMATION.


C51 COMPILATION COMPLETE.  0 WARNING(S),  0 ERROR(S)
